[
  [  0] {
                      "id" => "__REMOVED__",
                    "code" => "af",
    "supports_plural_zero" => false,
     "supports_plural_one" => true,
     "supports_plural_two" => false,
     "supports_plural_few" => false,
    "supports_plural_many" => false,
              "created_at" => "__REMOVED__",
              "updated_at" => "__REMOVED__"
  },
  [  1] {
                      "id" => "__REMOVED__",
                    "code" => "ak",
    "supports_plural_zero" => false,
     "supports_plural_one" => true,
     "supports_plural_two" => false,
     "supports_plural_few" => false,
    "supports_plural_many" => false,
              "created_at" => "__REMOVED__",
              "updated_at" => "__REMOVED__"
  },
  [  2] {
                      "id" => "__REMOVED__",
                    "code" => "am",
    "supports_plural_zero" => false,
     "supports_plural_one" => true,
     "supports_plural_two" => false,
     "supports_plural_few" => false,
    "supports_plural_many" => false,
              "created_at" => "__REMOVED__",
              "updated_at" => "__REMOVED__"
  },
  [  3] {
                      "id" => "__REMOVED__",
                    "code" => "an",
    "supports_plural_zero" => false,
     "supports_plural_one" => true,
     "supports_plural_two" => false,
     "supports_plural_few" => false,
    "supports_plural_many" => false,
              "created_at" => "__REMOVED__",
              "updated_at" => "__REMOVED__"
  },
  [  4] {
                      "id" => "__REMOVED__",
                    "code" => "ar",
    "supports_plural_zero" => true,
     "supports_plural_one" => true,
     "supports_plural_two" => true,
     "supports_plural_few" => true,
    "supports_plural_many" => true,
              "created_at" => "__REMOVED__",
              "updated_at" => "__REMOVED__"
  },
  [  5] {
                      "id" => "__REMOVED__",
                    "code" => "ars",
    "supports_plural_zero" => true,
     "supports_plural_one" => true,
     "supports_plural_two" => true,
     "supports_plural_few" => true,
    "supports_plural_many" => true,
              "created_at" => "__REMOVED__",
              "updated_at" => "__REMOVED__"
  },
  [  6] {
                      "id" => "__REMOVED__",
                    "code" => "as",
    "supports_plural_zero" => false,
     "supports_plural_one" => true,
     "supports_plural_two" => false,
     "supports_plural_few" => false,
    "supports_plural_many" => false,
              "created_at" => "__REMOVED__",
              "updated_at" => "__REMOVED__"
  },
  [  7] {
                      "id" => "__REMOVED__",
                    "code" => "asa",
    "supports_plural_zero" => false,
     "supports_plural_one" => true,
     "supports_plural_two" => false,
     "supports_plural_few" => false,
    "supports_plural_many" => false,
              "created_at" => "__REMOVED__",
              "updated_at" => "__REMOVED__"
  },
  [  8] {
                      "id" => "__REMOVED__",
                    "code" => "ast",
    "supports_plural_zero" => false,
     "supports_plural_one" => true,
     "supports_plural_two" => false,
     "supports_plural_few" => false,
    "supports_plural_many" => false,
              "created_at" => "__REMOVED__",
              "updated_at" => "__REMOVED__"
  },
  [  9] {
                      "id" => "__REMOVED__",
                    "code" => "az",
    "supports_plural_zero" => false,
     "supports_plural_one" => true,
     "supports_plural_two" => false,
     "supports_plural_few" => false,
    "supports_plural_many" => false,
              "created_at" => "__REMOVED__",
              "updated_at" => "__REMOVED__"
  },
  [ 10] {
                      "id" => "__REMOVED__",
                    "code" => "bal",
    "supports_plural_zero" => false,
     "supports_plural_one" => true,
     "supports_plural_two" => false,
     "supports_plural_few" => false,
    "supports_plural_many" => false,
              "created_at" => "__REMOVED__",
              "updated_at" => "__REMOVED__"
  },
  [ 11] {
                      "id" => "__REMOVED__",
                    "code" => "be",
    "supports_plural_zero" => false,
     "supports_plural_one" => true,
     "supports_plural_two" => false,
     "supports_plural_few" => true,
    "supports_plural_many" => true,
              "created_at" => "__REMOVED__",
              "updated_at" => "__REMOVED__"
  },
  [ 12] {
                      "id" => "__REMOVED__",
                    "code" => "bem",
    "supports_plural_zero" => false,
     "supports_plural_one" => true,
     "supports_plural_two" => false,
     "supports_plural_few" => false,
    "supports_plural_many" => false,
              "created_at" => "__REMOVED__",
              "updated_at" => "__REMOVED__"
  },
  [ 13] {
                      "id" => "__REMOVED__",
                    "code" => "bez",
    "supports_plural_zero" => false,
     "supports_plural_one" => true,
     "supports_plural_two" => false,
     "supports_plural_few" => false,
    "supports_plural_many" => false,
              "created_at" => "__REMOVED__",
              "updated_at" => "__REMOVED__"
  },
  [ 14] {
                      "id" => "__REMOVED__",
                    "code" => "bg",
    "supports_plural_zero" => false,
     "supports_plural_one" => true,
     "supports_plural_two" => false,
     "supports_plural_few" => false,
    "supports_plural_many" => false,
              "created_at" => "__REMOVED__",
              "updated_at" => "__REMOVED__"
  },
  [ 15] {
                      "id" => "__REMOVED__",
                    "code" => "bho",
    "supports_plural_zero" => false,
     "supports_plural_one" => true,
     "supports_plural_two" => false,
     "supports_plural_few" => false,
    "supports_plural_many" => false,
              "created_at" => "__REMOVED__",
              "updated_at" => "__REMOVED__"
  },
  [ 16] {
                      "id" => "__REMOVED__",
                    "code" => "bm",
    "supports_plural_zero" => false,
     "supports_plural_one" => false,
     "supports_plural_two" => false,
     "supports_plural_few" => false,
    "supports_plural_many" => false,
              "created_at" => "__REMOVED__",
              "updated_at" => "__REMOVED__"
  },
  [ 17] {
                      "id" => "__REMOVED__",
                    "code" => "bn",
    "supports_plural_zero" => false,
     "supports_plural_one" => true,
     "supports_plural_two" => false,
     "supports_plural_few" => false,
    "supports_plural_many" => false,
              "created_at" => "__REMOVED__",
              "updated_at" => "__REMOVED__"
  },
  [ 18] {
                      "id" => "__REMOVED__",
                    "code" => "bo",
    "supports_plural_zero" => false,
     "supports_plural_one" => false,
     "supports_plural_two" => false,
     "supports_plural_few" => false,
    "supports_plural_many" => false,
              "created_at" => "__REMOVED__",
              "updated_at" => "__REMOVED__"
  },
  [ 19] {
                      "id" => "__REMOVED__",
                    "code" => "br",
    "supports_plural_zero" => false,
     "supports_plural_one" => true,
     "supports_plural_two" => true,
     "supports_plural_few" => true,
    "supports_plural_many" => true,
              "created_at" => "__REMOVED__",
              "updated_at" => "__REMOVED__"
  },
  [ 20] {
                      "id" => "__REMOVED__",
                    "code" => "brx",
    "supports_plural_zero" => false,
     "supports_plural_one" => true,
     "supports_plural_two" => false,
     "supports_plural_few" => false,
    "supports_plural_many" => false,
              "created_at" => "__REMOVED__",
              "updated_at" => "__REMOVED__"
  },
  [ 21] {
                      "id" => "__REMOVED__",
                    "code" => "bs",
    "supports_plural_zero" => false,
     "supports_plural_one" => true,
     "supports_plural_two" => false,
     "supports_plural_few" => true,
    "supports_plural_many" => false,
              "created_at" => "__REMOVED__",
              "updated_at" => "__REMOVED__"
  },
  [ 22] {
                      "id" => "__REMOVED__",
                    "code" => "ca",
    "supports_plural_zero" => false,
     "supports_plural_one" => true,
     "supports_plural_two" => false,
     "supports_plural_few" => false,
    "supports_plural_many" => false,
              "created_at" => "__REMOVED__",
              "updated_at" => "__REMOVED__"
  },
  [ 23] {
                      "id" => "__REMOVED__",
                    "code" => "ce",
    "supports_plural_zero" => false,
     "supports_plural_one" => true,
     "supports_plural_two" => false,
     "supports_plural_few" => false,
    "supports_plural_many" => false,
              "created_at" => "__REMOVED__",
              "updated_at" => "__REMOVED__"
  },
  [ 24] {
                      "id" => "__REMOVED__",
                    "code" => "ceb",
    "supports_plural_zero" => false,
     "supports_plural_one" => true,
     "supports_plural_two" => false,
     "supports_plural_few" => false,
    "supports_plural_many" => false,
              "created_at" => "__REMOVED__",
              "updated_at" => "__REMOVED__"
  },
  [ 25] {
                      "id" => "__REMOVED__",
                    "code" => "cgg",
    "supports_plural_zero" => false,
     "supports_plural_one" => true,
     "supports_plural_two" => false,
     "supports_plural_few" => false,
    "supports_plural_many" => false,
              "created_at" => "__REMOVED__",
              "updated_at" => "__REMOVED__"
  },
  [ 26] {
                      "id" => "__REMOVED__",
                    "code" => "chr",
    "supports_plural_zero" => false,
     "supports_plural_one" => true,
     "supports_plural_two" => false,
     "supports_plural_few" => false,
    "supports_plural_many" => false,
              "created_at" => "__REMOVED__",
              "updated_at" => "__REMOVED__"
  },
  [ 27] {
                      "id" => "__REMOVED__",
                    "code" => "ckb",
    "supports_plural_zero" => false,
     "supports_plural_one" => true,
     "supports_plural_two" => false,
     "supports_plural_few" => false,
    "supports_plural_many" => false,
              "created_at" => "__REMOVED__",
              "updated_at" => "__REMOVED__"
  },
  [ 28] {
                      "id" => "__REMOVED__",
                    "code" => "cs",
    "supports_plural_zero" => false,
     "supports_plural_one" => true,
     "supports_plural_two" => false,
     "supports_plural_few" => true,
    "supports_plural_many" => true,
              "created_at" => "__REMOVED__",
              "updated_at" => "__REMOVED__"
  },
  [ 29] {
                      "id" => "__REMOVED__",
                    "code" => "cy",
    "supports_plural_zero" => true,
     "supports_plural_one" => true,
     "supports_plural_two" => true,
     "supports_plural_few" => true,
    "supports_plural_many" => true,
              "created_at" => "__REMOVED__",
              "updated_at" => "__REMOVED__"
  },
  [ 30] {
                      "id" => "__REMOVED__",
                    "code" => "da",
    "supports_plural_zero" => false,
     "supports_plural_one" => true,
     "supports_plural_two" => false,
     "supports_plural_few" => false,
    "supports_plural_many" => false,
              "created_at" => "__REMOVED__",
              "updated_at" => "__REMOVED__"
  },
  [ 31] {
                      "id" => "__REMOVED__",
                    "code" => "de",
    "supports_plural_zero" => false,
     "supports_plural_one" => true,
     "supports_plural_two" => false,
     "supports_plural_few" => false,
    "supports_plural_many" => false,
              "created_at" => "__REMOVED__",
              "updated_at" => "__REMOVED__"
  },
  [ 32] {
                      "id" => "__REMOVED__",
                    "code" => "doi",
    "supports_plural_zero" => false,
     "supports_plural_one" => true,
     "supports_plural_two" => false,
     "supports_plural_few" => false,
    "supports_plural_many" => false,
              "created_at" => "__REMOVED__",
              "updated_at" => "__REMOVED__"
  },
  [ 33] {
                      "id" => "__REMOVED__",
                    "code" => "dsb",
    "supports_plural_zero" => false,
     "supports_plural_one" => true,
     "supports_plural_two" => true,
     "supports_plural_few" => true,
    "supports_plural_many" => false,
              "created_at" => "__REMOVED__",
              "updated_at" => "__REMOVED__"
  },
  [ 34] {
                      "id" => "__REMOVED__",
                    "code" => "dv",
    "supports_plural_zero" => false,
     "supports_plural_one" => true,
     "supports_plural_two" => false,
     "supports_plural_few" => false,
    "supports_plural_many" => false,
              "created_at" => "__REMOVED__",
              "updated_at" => "__REMOVED__"
  },
  [ 35] {
                      "id" => "__REMOVED__",
                    "code" => "dz",
    "supports_plural_zero" => false,
     "supports_plural_one" => false,
     "supports_plural_two" => false,
     "supports_plural_few" => false,
    "supports_plural_many" => false,
              "created_at" => "__REMOVED__",
              "updated_at" => "__REMOVED__"
  },
  [ 36] {
                      "id" => "__REMOVED__",
                    "code" => "ee",
    "supports_plural_zero" => false,
     "supports_plural_one" => true,
     "supports_plural_two" => false,
     "supports_plural_few" => false,
    "supports_plural_many" => false,
              "created_at" => "__REMOVED__",
              "updated_at" => "__REMOVED__"
  },
  [ 37] {
                      "id" => "__REMOVED__",
                    "code" => "el",
    "supports_plural_zero" => false,
     "supports_plural_one" => true,
     "supports_plural_two" => false,
     "supports_plural_few" => false,
    "supports_plural_many" => false,
              "created_at" => "__REMOVED__",
              "updated_at" => "__REMOVED__"
  },
  [ 38] {
                      "id" => "__REMOVED__",
                    "code" => "en",
    "supports_plural_zero" => false,
     "supports_plural_one" => true,
     "supports_plural_two" => false,
     "supports_plural_few" => false,
    "supports_plural_many" => false,
              "created_at" => "__REMOVED__",
              "updated_at" => "__REMOVED__"
  },
  [ 39] {
                      "id" => "__REMOVED__",
                    "code" => "eo",
    "supports_plural_zero" => false,
     "supports_plural_one" => true,
     "supports_plural_two" => false,
     "supports_plural_few" => false,
    "supports_plural_many" => false,
              "created_at" => "__REMOVED__",
              "updated_at" => "__REMOVED__"
  },
  [ 40] {
                      "id" => "__REMOVED__",
                    "code" => "es",
    "supports_plural_zero" => false,
     "supports_plural_one" => true,
     "supports_plural_two" => false,
     "supports_plural_few" => false,
    "supports_plural_many" => true,
              "created_at" => "__REMOVED__",
              "updated_at" => "__REMOVED__"
  },
  [ 41] {
                      "id" => "__REMOVED__",
                    "code" => "et",
    "supports_plural_zero" => false,
     "supports_plural_one" => true,
     "supports_plural_two" => false,
     "supports_plural_few" => false,
    "supports_plural_many" => false,
              "created_at" => "__REMOVED__",
              "updated_at" => "__REMOVED__"
  },
  [ 42] {
                      "id" => "__REMOVED__",
                    "code" => "eu",
    "supports_plural_zero" => false,
     "supports_plural_one" => true,
     "supports_plural_two" => false,
     "supports_plural_few" => false,
    "supports_plural_many" => false,
              "created_at" => "__REMOVED__",
              "updated_at" => "__REMOVED__"
  },
  [ 43] {
                      "id" => "__REMOVED__",
                    "code" => "fa",
    "supports_plural_zero" => false,
     "supports_plural_one" => true,
     "supports_plural_two" => false,
     "supports_plural_few" => false,
    "supports_plural_many" => false,
              "created_at" => "__REMOVED__",
              "updated_at" => "__REMOVED__"
  },
  [ 44] {
                      "id" => "__REMOVED__",
                    "code" => "ff",
    "supports_plural_zero" => false,
     "supports_plural_one" => true,
     "supports_plural_two" => false,
     "supports_plural_few" => false,
    "supports_plural_many" => false,
              "created_at" => "__REMOVED__",
              "updated_at" => "__REMOVED__"
  },
  [ 45] {
                      "id" => "__REMOVED__",
                    "code" => "fi",
    "supports_plural_zero" => false,
     "supports_plural_one" => true,
     "supports_plural_two" => false,
     "supports_plural_few" => false,
    "supports_plural_many" => false,
              "created_at" => "__REMOVED__",
              "updated_at" => "__REMOVED__"
  },
  [ 46] {
                      "id" => "__REMOVED__",
                    "code" => "fil",
    "supports_plural_zero" => false,
     "supports_plural_one" => true,
     "supports_plural_two" => false,
     "supports_plural_few" => false,
    "supports_plural_many" => false,
              "created_at" => "__REMOVED__",
              "updated_at" => "__REMOVED__"
  },
  [ 47] {
                      "id" => "__REMOVED__",
                    "code" => "fo",
    "supports_plural_zero" => false,
     "supports_plural_one" => true,
     "supports_plural_two" => false,
     "supports_plural_few" => false,
    "supports_plural_many" => false,
              "created_at" => "__REMOVED__",
              "updated_at" => "__REMOVED__"
  },
  [ 48] {
                      "id" => "__REMOVED__",
                    "code" => "fr",
    "supports_plural_zero" => false,
     "supports_plural_one" => true,
     "supports_plural_two" => false,
     "supports_plural_few" => false,
    "supports_plural_many" => true,
              "created_at" => "__REMOVED__",
              "updated_at" => "__REMOVED__"
  },
  [ 49] {
                      "id" => "__REMOVED__",
                    "code" => "fur",
    "supports_plural_zero" => false,
     "supports_plural_one" => true,
     "supports_plural_two" => false,
     "supports_plural_few" => false,
    "supports_plural_many" => false,
              "created_at" => "__REMOVED__",
              "updated_at" => "__REMOVED__"
  },
  [ 50] {
                      "id" => "__REMOVED__",
                    "code" => "fy",
    "supports_plural_zero" => false,
     "supports_plural_one" => true,
     "supports_plural_two" => false,
     "supports_plural_few" => false,
    "supports_plural_many" => false,
              "created_at" => "__REMOVED__",
              "updated_at" => "__REMOVED__"
  },
  [ 51] {
                      "id" => "__REMOVED__",
                    "code" => "ga",
    "supports_plural_zero" => false,
     "supports_plural_one" => true,
     "supports_plural_two" => true,
     "supports_plural_few" => true,
    "supports_plural_many" => true,
              "created_at" => "__REMOVED__",
              "updated_at" => "__REMOVED__"
  },
  [ 52] {
                      "id" => "__REMOVED__",
                    "code" => "gd",
    "supports_plural_zero" => false,
     "supports_plural_one" => true,
     "supports_plural_two" => true,
     "supports_plural_few" => true,
    "supports_plural_many" => false,
              "created_at" => "__REMOVED__",
              "updated_at" => "__REMOVED__"
  },
  [ 53] {
                      "id" => "__REMOVED__",
                    "code" => "gl",
    "supports_plural_zero" => false,
     "supports_plural_one" => true,
     "supports_plural_two" => false,
     "supports_plural_few" => false,
    "supports_plural_many" => false,
              "created_at" => "__REMOVED__",
              "updated_at" => "__REMOVED__"
  },
  [ 54] {
                      "id" => "__REMOVED__",
                    "code" => "gsw",
    "supports_plural_zero" => false,
     "supports_plural_one" => true,
     "supports_plural_two" => false,
     "supports_plural_few" => false,
    "supports_plural_many" => false,
              "created_at" => "__REMOVED__",
              "updated_at" => "__REMOVED__"
  },
  [ 55] {
                      "id" => "__REMOVED__",
                    "code" => "gu",
    "supports_plural_zero" => false,
     "supports_plural_one" => true,
     "supports_plural_two" => false,
     "supports_plural_few" => false,
    "supports_plural_many" => false,
              "created_at" => "__REMOVED__",
              "updated_at" => "__REMOVED__"
  },
  [ 56] {
                      "id" => "__REMOVED__",
                    "code" => "guw",
    "supports_plural_zero" => false,
     "supports_plural_one" => true,
     "supports_plural_two" => false,
     "supports_plural_few" => false,
    "supports_plural_many" => false,
              "created_at" => "__REMOVED__",
              "updated_at" => "__REMOVED__"
  },
  [ 57] {
                      "id" => "__REMOVED__",
                    "code" => "gv",
    "supports_plural_zero" => false,
     "supports_plural_one" => true,
     "supports_plural_two" => true,
     "supports_plural_few" => true,
    "supports_plural_many" => true,
              "created_at" => "__REMOVED__",
              "updated_at" => "__REMOVED__"
  },
  [ 58] {
                      "id" => "__REMOVED__",
                    "code" => "ha",
    "supports_plural_zero" => false,
     "supports_plural_one" => true,
     "supports_plural_two" => false,
     "supports_plural_few" => false,
    "supports_plural_many" => false,
              "created_at" => "__REMOVED__",
              "updated_at" => "__REMOVED__"
  },
  [ 59] {
                      "id" => "__REMOVED__",
                    "code" => "haw",
    "supports_plural_zero" => false,
     "supports_plural_one" => true,
     "supports_plural_two" => false,
     "supports_plural_few" => false,
    "supports_plural_many" => false,
              "created_at" => "__REMOVED__",
              "updated_at" => "__REMOVED__"
  },
  [ 60] {
                      "id" => "__REMOVED__",
                    "code" => "he",
    "supports_plural_zero" => false,
     "supports_plural_one" => true,
     "supports_plural_two" => true,
     "supports_plural_few" => false,
    "supports_plural_many" => true,
              "created_at" => "__REMOVED__",
              "updated_at" => "__REMOVED__"
  },
  [ 61] {
                      "id" => "__REMOVED__",
                    "code" => "hi",
    "supports_plural_zero" => false,
     "supports_plural_one" => true,
     "supports_plural_two" => false,
     "supports_plural_few" => false,
    "supports_plural_many" => false,
              "created_at" => "__REMOVED__",
              "updated_at" => "__REMOVED__"
  },
  [ 62] {
                      "id" => "__REMOVED__",
                    "code" => "hnj",
    "supports_plural_zero" => false,
     "supports_plural_one" => false,
     "supports_plural_two" => false,
     "supports_plural_few" => false,
    "supports_plural_many" => false,
              "created_at" => "__REMOVED__",
              "updated_at" => "__REMOVED__"
  },
  [ 63] {
                      "id" => "__REMOVED__",
                    "code" => "hr",
    "supports_plural_zero" => false,
     "supports_plural_one" => true,
     "supports_plural_two" => false,
     "supports_plural_few" => true,
    "supports_plural_many" => false,
              "created_at" => "__REMOVED__",
              "updated_at" => "__REMOVED__"
  },
  [ 64] {
                      "id" => "__REMOVED__",
                    "code" => "hsb",
    "supports_plural_zero" => false,
     "supports_plural_one" => true,
     "supports_plural_two" => true,
     "supports_plural_few" => true,
    "supports_plural_many" => false,
              "created_at" => "__REMOVED__",
              "updated_at" => "__REMOVED__"
  },
  [ 65] {
                      "id" => "__REMOVED__",
                    "code" => "hu",
    "supports_plural_zero" => false,
     "supports_plural_one" => true,
     "supports_plural_two" => false,
     "supports_plural_few" => false,
    "supports_plural_many" => false,
              "created_at" => "__REMOVED__",
              "updated_at" => "__REMOVED__"
  },
  [ 66] {
                      "id" => "__REMOVED__",
                    "code" => "hy",
    "supports_plural_zero" => false,
     "supports_plural_one" => true,
     "supports_plural_two" => false,
     "supports_plural_few" => false,
    "supports_plural_many" => false,
              "created_at" => "__REMOVED__",
              "updated_at" => "__REMOVED__"
  },
  [ 67] {
                      "id" => "__REMOVED__",
                    "code" => "ia",
    "supports_plural_zero" => false,
     "supports_plural_one" => true,
     "supports_plural_two" => false,
     "supports_plural_few" => false,
    "supports_plural_many" => false,
              "created_at" => "__REMOVED__",
              "updated_at" => "__REMOVED__"
  },
  [ 68] {
                      "id" => "__REMOVED__",
                    "code" => "id",
    "supports_plural_zero" => false,
     "supports_plural_one" => false,
     "supports_plural_two" => false,
     "supports_plural_few" => false,
    "supports_plural_many" => false,
              "created_at" => "__REMOVED__",
              "updated_at" => "__REMOVED__"
  },
  [ 69] {
                      "id" => "__REMOVED__",
                    "code" => "ig",
    "supports_plural_zero" => false,
     "supports_plural_one" => false,
     "supports_plural_two" => false,
     "supports_plural_few" => false,
    "supports_plural_many" => false,
              "created_at" => "__REMOVED__",
              "updated_at" => "__REMOVED__"
  },
  [ 70] {
                      "id" => "__REMOVED__",
                    "code" => "ii",
    "supports_plural_zero" => false,
     "supports_plural_one" => false,
     "supports_plural_two" => false,
     "supports_plural_few" => false,
    "supports_plural_many" => false,
              "created_at" => "__REMOVED__",
              "updated_at" => "__REMOVED__"
  },
  [ 71] {
                      "id" => "__REMOVED__",
                    "code" => "in",
    "supports_plural_zero" => false,
     "supports_plural_one" => false,
     "supports_plural_two" => false,
     "supports_plural_few" => false,
    "supports_plural_many" => false,
              "created_at" => "__REMOVED__",
              "updated_at" => "__REMOVED__"
  },
  [ 72] {
                      "id" => "__REMOVED__",
                    "code" => "io",
    "supports_plural_zero" => false,
     "supports_plural_one" => true,
     "supports_plural_two" => false,
     "supports_plural_few" => false,
    "supports_plural_many" => false,
              "created_at" => "__REMOVED__",
              "updated_at" => "__REMOVED__"
  },
  [ 73] {
                      "id" => "__REMOVED__",
                    "code" => "is",
    "supports_plural_zero" => false,
     "supports_plural_one" => true,
     "supports_plural_two" => false,
     "supports_plural_few" => false,
    "supports_plural_many" => false,
              "created_at" => "__REMOVED__",
              "updated_at" => "__REMOVED__"
  },
  [ 74] {
                      "id" => "__REMOVED__",
                    "code" => "it",
    "supports_plural_zero" => false,
     "supports_plural_one" => true,
     "supports_plural_two" => false,
     "supports_plural_few" => false,
    "supports_plural_many" => true,
              "created_at" => "__REMOVED__",
              "updated_at" => "__REMOVED__"
  },
  [ 75] {
                      "id" => "__REMOVED__",
                    "code" => "iu",
    "supports_plural_zero" => false,
     "supports_plural_one" => true,
     "supports_plural_two" => true,
     "supports_plural_few" => false,
    "supports_plural_many" => false,
              "created_at" => "__REMOVED__",
              "updated_at" => "__REMOVED__"
  },
  [ 76] {
                      "id" => "__REMOVED__",
                    "code" => "iw",
    "supports_plural_zero" => false,
     "supports_plural_one" => true,
     "supports_plural_two" => true,
     "supports_plural_few" => false,
    "supports_plural_many" => true,
              "created_at" => "__REMOVED__",
              "updated_at" => "__REMOVED__"
  },
  [ 77] {
                      "id" => "__REMOVED__",
                    "code" => "ja",
    "supports_plural_zero" => false,
     "supports_plural_one" => false,
     "supports_plural_two" => false,
     "supports_plural_few" => false,
    "supports_plural_many" => false,
              "created_at" => "__REMOVED__",
              "updated_at" => "__REMOVED__"
  },
  [ 78] {
                      "id" => "__REMOVED__",
                    "code" => "jbo",
    "supports_plural_zero" => false,
     "supports_plural_one" => false,
     "supports_plural_two" => false,
     "supports_plural_few" => false,
    "supports_plural_many" => false,
              "created_at" => "__REMOVED__",
              "updated_at" => "__REMOVED__"
  },
  [ 79] {
                      "id" => "__REMOVED__",
                    "code" => "jgo",
    "supports_plural_zero" => false,
     "supports_plural_one" => true,
     "supports_plural_two" => false,
     "supports_plural_few" => false,
    "supports_plural_many" => false,
              "created_at" => "__REMOVED__",
              "updated_at" => "__REMOVED__"
  },
  [ 80] {
                      "id" => "__REMOVED__",
                    "code" => "ji",
    "supports_plural_zero" => false,
     "supports_plural_one" => true,
     "supports_plural_two" => false,
     "supports_plural_few" => false,
    "supports_plural_many" => false,
              "created_at" => "__REMOVED__",
              "updated_at" => "__REMOVED__"
  },
  [ 81] {
                      "id" => "__REMOVED__",
                    "code" => "jmc",
    "supports_plural_zero" => false,
     "supports_plural_one" => true,
     "supports_plural_two" => false,
     "supports_plural_few" => false,
    "supports_plural_many" => false,
              "created_at" => "__REMOVED__",
              "updated_at" => "__REMOVED__"
  },
  [ 82] {
                      "id" => "__REMOVED__",
                    "code" => "jv",
    "supports_plural_zero" => false,
     "supports_plural_one" => false,
     "supports_plural_two" => false,
     "supports_plural_few" => false,
    "supports_plural_many" => false,
              "created_at" => "__REMOVED__",
              "updated_at" => "__REMOVED__"
  },
  [ 83] {
                      "id" => "__REMOVED__",
                    "code" => "jw",
    "supports_plural_zero" => false,
     "supports_plural_one" => false,
     "supports_plural_two" => false,
     "supports_plural_few" => false,
    "supports_plural_many" => false,
              "created_at" => "__REMOVED__",
              "updated_at" => "__REMOVED__"
  },
  [ 84] {
                      "id" => "__REMOVED__",
                    "code" => "ka",
    "supports_plural_zero" => false,
     "supports_plural_one" => true,
     "supports_plural_two" => false,
     "supports_plural_few" => false,
    "supports_plural_many" => false,
              "created_at" => "__REMOVED__",
              "updated_at" => "__REMOVED__"
  },
  [ 85] {
                      "id" => "__REMOVED__",
                    "code" => "kab",
    "supports_plural_zero" => false,
     "supports_plural_one" => true,
     "supports_plural_two" => false,
     "supports_plural_few" => false,
    "supports_plural_many" => false,
              "created_at" => "__REMOVED__",
              "updated_at" => "__REMOVED__"
  },
  [ 86] {
                      "id" => "__REMOVED__",
                    "code" => "kaj",
    "supports_plural_zero" => false,
     "supports_plural_one" => true,
     "supports_plural_two" => false,
     "supports_plural_few" => false,
    "supports_plural_many" => false,
              "created_at" => "__REMOVED__",
              "updated_at" => "__REMOVED__"
  },
  [ 87] {
                      "id" => "__REMOVED__",
                    "code" => "kcg",
    "supports_plural_zero" => false,
     "supports_plural_one" => true,
     "supports_plural_two" => false,
     "supports_plural_few" => false,
    "supports_plural_many" => false,
              "created_at" => "__REMOVED__",
              "updated_at" => "__REMOVED__"
  },
  [ 88] {
                      "id" => "__REMOVED__",
                    "code" => "kde",
    "supports_plural_zero" => false,
     "supports_plural_one" => false,
     "supports_plural_two" => false,
     "supports_plural_few" => false,
    "supports_plural_many" => false,
              "created_at" => "__REMOVED__",
              "updated_at" => "__REMOVED__"
  },
  [ 89] {
                      "id" => "__REMOVED__",
                    "code" => "kea",
    "supports_plural_zero" => false,
     "supports_plural_one" => false,
     "supports_plural_two" => false,
     "supports_plural_few" => false,
    "supports_plural_many" => false,
              "created_at" => "__REMOVED__",
              "updated_at" => "__REMOVED__"
  },
  [ 90] {
                      "id" => "__REMOVED__",
                    "code" => "kk",
    "supports_plural_zero" => false,
     "supports_plural_one" => true,
     "supports_plural_two" => false,
     "supports_plural_few" => false,
    "supports_plural_many" => false,
              "created_at" => "__REMOVED__",
              "updated_at" => "__REMOVED__"
  },
  [ 91] {
                      "id" => "__REMOVED__",
                    "code" => "kkj",
    "supports_plural_zero" => false,
     "supports_plural_one" => true,
     "supports_plural_two" => false,
     "supports_plural_few" => false,
    "supports_plural_many" => false,
              "created_at" => "__REMOVED__",
              "updated_at" => "__REMOVED__"
  },
  [ 92] {
                      "id" => "__REMOVED__",
                    "code" => "kl",
    "supports_plural_zero" => false,
     "supports_plural_one" => true,
     "supports_plural_two" => false,
     "supports_plural_few" => false,
    "supports_plural_many" => false,
              "created_at" => "__REMOVED__",
              "updated_at" => "__REMOVED__"
  },
  [ 93] {
                      "id" => "__REMOVED__",
                    "code" => "km",
    "supports_plural_zero" => false,
     "supports_plural_one" => false,
     "supports_plural_two" => false,
     "supports_plural_few" => false,
    "supports_plural_many" => false,
              "created_at" => "__REMOVED__",
              "updated_at" => "__REMOVED__"
  },
  [ 94] {
                      "id" => "__REMOVED__",
                    "code" => "kn",
    "supports_plural_zero" => false,
     "supports_plural_one" => true,
     "supports_plural_two" => false,
     "supports_plural_few" => false,
    "supports_plural_many" => false,
              "created_at" => "__REMOVED__",
              "updated_at" => "__REMOVED__"
  },
  [ 95] {
                      "id" => "__REMOVED__",
                    "code" => "ko",
    "supports_plural_zero" => false,
     "supports_plural_one" => false,
     "supports_plural_two" => false,
     "supports_plural_few" => false,
    "supports_plural_many" => false,
              "created_at" => "__REMOVED__",
              "updated_at" => "__REMOVED__"
  },
  [ 96] {
                      "id" => "__REMOVED__",
                    "code" => "ks",
    "supports_plural_zero" => false,
     "supports_plural_one" => true,
     "supports_plural_two" => false,
     "supports_plural_few" => false,
    "supports_plural_many" => false,
              "created_at" => "__REMOVED__",
              "updated_at" => "__REMOVED__"
  },
  [ 97] {
                      "id" => "__REMOVED__",
                    "code" => "ksb",
    "supports_plural_zero" => false,
     "supports_plural_one" => true,
     "supports_plural_two" => false,
     "supports_plural_few" => false,
    "supports_plural_many" => false,
              "created_at" => "__REMOVED__",
              "updated_at" => "__REMOVED__"
  },
  [ 98] {
                      "id" => "__REMOVED__",
                    "code" => "ksh",
    "supports_plural_zero" => true,
     "supports_plural_one" => true,
     "supports_plural_two" => false,
     "supports_plural_few" => false,
    "supports_plural_many" => false,
              "created_at" => "__REMOVED__",
              "updated_at" => "__REMOVED__"
  },
  [ 99] {
                      "id" => "__REMOVED__",
                    "code" => "ku",
    "supports_plural_zero" => false,
     "supports_plural_one" => true,
     "supports_plural_two" => false,
     "supports_plural_few" => false,
    "supports_plural_many" => false,
              "created_at" => "__REMOVED__",
              "updated_at" => "__REMOVED__"
  },
  [100] {
                      "id" => "__REMOVED__",
                    "code" => "kw",
    "supports_plural_zero" => true,
     "supports_plural_one" => true,
     "supports_plural_two" => true,
     "supports_plural_few" => true,
    "supports_plural_many" => true,
              "created_at" => "__REMOVED__",
              "updated_at" => "__REMOVED__"
  },
  [101] {
                      "id" => "__REMOVED__",
                    "code" => "ky",
    "supports_plural_zero" => false,
     "supports_plural_one" => true,
     "supports_plural_two" => false,
     "supports_plural_few" => false,
    "supports_plural_many" => false,
              "created_at" => "__REMOVED__",
              "updated_at" => "__REMOVED__"
  },
  [102] {
                      "id" => "__REMOVED__",
                    "code" => "lag",
    "supports_plural_zero" => true,
     "supports_plural_one" => true,
     "supports_plural_two" => false,
     "supports_plural_few" => false,
    "supports_plural_many" => false,
              "created_at" => "__REMOVED__",
              "updated_at" => "__REMOVED__"
  },
  [103] {
                      "id" => "__REMOVED__",
                    "code" => "lb",
    "supports_plural_zero" => false,
     "supports_plural_one" => true,
     "supports_plural_two" => false,
     "supports_plural_few" => false,
    "supports_plural_many" => false,
              "created_at" => "__REMOVED__",
              "updated_at" => "__REMOVED__"
  },
  [104] {
                      "id" => "__REMOVED__",
                    "code" => "lg",
    "supports_plural_zero" => false,
     "supports_plural_one" => true,
     "supports_plural_two" => false,
     "supports_plural_few" => false,
    "supports_plural_many" => false,
              "created_at" => "__REMOVED__",
              "updated_at" => "__REMOVED__"
  },
  [105] {
                      "id" => "__REMOVED__",
                    "code" => "lij",
    "supports_plural_zero" => false,
     "supports_plural_one" => true,
     "supports_plural_two" => false,
     "supports_plural_few" => false,
    "supports_plural_many" => false,
              "created_at" => "__REMOVED__",
              "updated_at" => "__REMOVED__"
  },
  [106] {
                      "id" => "__REMOVED__",
                    "code" => "lkt",
    "supports_plural_zero" => false,
     "supports_plural_one" => false,
     "supports_plural_two" => false,
     "supports_plural_few" => false,
    "supports_plural_many" => false,
              "created_at" => "__REMOVED__",
              "updated_at" => "__REMOVED__"
  },
  [107] {
                      "id" => "__REMOVED__",
                    "code" => "ln",
    "supports_plural_zero" => false,
     "supports_plural_one" => true,
     "supports_plural_two" => false,
     "supports_plural_few" => false,
    "supports_plural_many" => false,
              "created_at" => "__REMOVED__",
              "updated_at" => "__REMOVED__"
  },
  [108] {
                      "id" => "__REMOVED__",
                    "code" => "lo",
    "supports_plural_zero" => false,
     "supports_plural_one" => false,
     "supports_plural_two" => false,
     "supports_plural_few" => false,
    "supports_plural_many" => false,
              "created_at" => "__REMOVED__",
              "updated_at" => "__REMOVED__"
  },
  [109] {
                      "id" => "__REMOVED__",
                    "code" => "lt",
    "supports_plural_zero" => false,
     "supports_plural_one" => true,
     "supports_plural_two" => false,
     "supports_plural_few" => true,
    "supports_plural_many" => true,
              "created_at" => "__REMOVED__",
              "updated_at" => "__REMOVED__"
  },
  [110] {
                      "id" => "__REMOVED__",
                    "code" => "lv",
    "supports_plural_zero" => true,
     "supports_plural_one" => true,
     "supports_plural_two" => false,
     "supports_plural_few" => false,
    "supports_plural_many" => false,
              "created_at" => "__REMOVED__",
              "updated_at" => "__REMOVED__"
  },
  [111] {
                      "id" => "__REMOVED__",
                    "code" => "mas",
    "supports_plural_zero" => false,
     "supports_plural_one" => true,
     "supports_plural_two" => false,
     "supports_plural_few" => false,
    "supports_plural_many" => false,
              "created_at" => "__REMOVED__",
              "updated_at" => "__REMOVED__"
  },
  [112] {
                      "id" => "__REMOVED__",
                    "code" => "mg",
    "supports_plural_zero" => false,
     "supports_plural_one" => true,
     "supports_plural_two" => false,
     "supports_plural_few" => false,
    "supports_plural_many" => false,
              "created_at" => "__REMOVED__",
              "updated_at" => "__REMOVED__"
  },
  [113] {
                      "id" => "__REMOVED__",
                    "code" => "mgo",
    "supports_plural_zero" => false,
     "supports_plural_one" => true,
     "supports_plural_two" => false,
     "supports_plural_few" => false,
    "supports_plural_many" => false,
              "created_at" => "__REMOVED__",
              "updated_at" => "__REMOVED__"
  },
  [114] {
                      "id" => "__REMOVED__",
                    "code" => "mk",
    "supports_plural_zero" => false,
     "supports_plural_one" => true,
     "supports_plural_two" => false,
     "supports_plural_few" => false,
    "supports_plural_many" => false,
              "created_at" => "__REMOVED__",
              "updated_at" => "__REMOVED__"
  },
  [115] {
                      "id" => "__REMOVED__",
                    "code" => "ml",
    "supports_plural_zero" => false,
     "supports_plural_one" => true,
     "supports_plural_two" => false,
     "supports_plural_few" => false,
    "supports_plural_many" => false,
              "created_at" => "__REMOVED__",
              "updated_at" => "__REMOVED__"
  },
  [116] {
                      "id" => "__REMOVED__",
                    "code" => "mn",
    "supports_plural_zero" => false,
     "supports_plural_one" => true,
     "supports_plural_two" => false,
     "supports_plural_few" => false,
    "supports_plural_many" => false,
              "created_at" => "__REMOVED__",
              "updated_at" => "__REMOVED__"
  },
  [117] {
                      "id" => "__REMOVED__",
                    "code" => "mo",
    "supports_plural_zero" => false,
     "supports_plural_one" => true,
     "supports_plural_two" => false,
     "supports_plural_few" => true,
    "supports_plural_many" => false,
              "created_at" => "__REMOVED__",
              "updated_at" => "__REMOVED__"
  },
  [118] {
                      "id" => "__REMOVED__",
                    "code" => "mr",
    "supports_plural_zero" => false,
     "supports_plural_one" => true,
     "supports_plural_two" => false,
     "supports_plural_few" => false,
    "supports_plural_many" => false,
              "created_at" => "__REMOVED__",
              "updated_at" => "__REMOVED__"
  },
  [119] {
                      "id" => "__REMOVED__",
                    "code" => "ms",
    "supports_plural_zero" => false,
     "supports_plural_one" => false,
     "supports_plural_two" => false,
     "supports_plural_few" => false,
    "supports_plural_many" => false,
              "created_at" => "__REMOVED__",
              "updated_at" => "__REMOVED__"
  },
  [120] {
                      "id" => "__REMOVED__",
                    "code" => "mt",
    "supports_plural_zero" => false,
     "supports_plural_one" => true,
     "supports_plural_two" => false,
     "supports_plural_few" => true,
    "supports_plural_many" => true,
              "created_at" => "__REMOVED__",
              "updated_at" => "__REMOVED__"
  },
  [121] {
                      "id" => "__REMOVED__",
                    "code" => "my",
    "supports_plural_zero" => false,
     "supports_plural_one" => false,
     "supports_plural_two" => false,
     "supports_plural_few" => false,
    "supports_plural_many" => false,
              "created_at" => "__REMOVED__",
              "updated_at" => "__REMOVED__"
  },
  [122] {
                      "id" => "__REMOVED__",
                    "code" => "nah",
    "supports_plural_zero" => false,
     "supports_plural_one" => true,
     "supports_plural_two" => false,
     "supports_plural_few" => false,
    "supports_plural_many" => false,
              "created_at" => "__REMOVED__",
              "updated_at" => "__REMOVED__"
  },
  [123] {
                      "id" => "__REMOVED__",
                    "code" => "naq",
    "supports_plural_zero" => false,
     "supports_plural_one" => true,
     "supports_plural_two" => true,
     "supports_plural_few" => false,
    "supports_plural_many" => false,
              "created_at" => "__REMOVED__",
              "updated_at" => "__REMOVED__"
  },
  [124] {
                      "id" => "__REMOVED__",
                    "code" => "nb",
    "supports_plural_zero" => false,
     "supports_plural_one" => true,
     "supports_plural_two" => false,
     "supports_plural_few" => false,
    "supports_plural_many" => false,
              "created_at" => "__REMOVED__",
              "updated_at" => "__REMOVED__"
  },
  [125] {
                      "id" => "__REMOVED__",
                    "code" => "nd",
    "supports_plural_zero" => false,
     "supports_plural_one" => true,
     "supports_plural_two" => false,
     "supports_plural_few" => false,
    "supports_plural_many" => false,
              "created_at" => "__REMOVED__",
              "updated_at" => "__REMOVED__"
  },
  [126] {
                      "id" => "__REMOVED__",
                    "code" => "ne",
    "supports_plural_zero" => false,
     "supports_plural_one" => true,
     "supports_plural_two" => false,
     "supports_plural_few" => false,
    "supports_plural_many" => false,
              "created_at" => "__REMOVED__",
              "updated_at" => "__REMOVED__"
  },
  [127] {
                      "id" => "__REMOVED__",
                    "code" => "nl",
    "supports_plural_zero" => false,
     "supports_plural_one" => true,
     "supports_plural_two" => false,
     "supports_plural_few" => false,
    "supports_plural_many" => false,
              "created_at" => "__REMOVED__",
              "updated_at" => "__REMOVED__"
  },
  [128] {
                      "id" => "__REMOVED__",
                    "code" => "nn",
    "supports_plural_zero" => false,
     "supports_plural_one" => true,
     "supports_plural_two" => false,
     "supports_plural_few" => false,
    "supports_plural_many" => false,
              "created_at" => "__REMOVED__",
              "updated_at" => "__REMOVED__"
  },
  [129] {
                      "id" => "__REMOVED__",
                    "code" => "nnh",
    "supports_plural_zero" => false,
     "supports_plural_one" => true,
     "supports_plural_two" => false,
     "supports_plural_few" => false,
    "supports_plural_many" => false,
              "created_at" => "__REMOVED__",
              "updated_at" => "__REMOVED__"
  },
  [130] {
                      "id" => "__REMOVED__",
                    "code" => "no",
    "supports_plural_zero" => false,
     "supports_plural_one" => true,
     "supports_plural_two" => false,
     "supports_plural_few" => false,
    "supports_plural_many" => false,
              "created_at" => "__REMOVED__",
              "updated_at" => "__REMOVED__"
  },
  [131] {
                      "id" => "__REMOVED__",
                    "code" => "nqo",
    "supports_plural_zero" => false,
     "supports_plural_one" => false,
     "supports_plural_two" => false,
     "supports_plural_few" => false,
    "supports_plural_many" => false,
              "created_at" => "__REMOVED__",
              "updated_at" => "__REMOVED__"
  },
  [132] {
                      "id" => "__REMOVED__",
                    "code" => "nr",
    "supports_plural_zero" => false,
     "supports_plural_one" => true,
     "supports_plural_two" => false,
     "supports_plural_few" => false,
    "supports_plural_many" => false,
              "created_at" => "__REMOVED__",
              "updated_at" => "__REMOVED__"
  },
  [133] {
                      "id" => "__REMOVED__",
                    "code" => "nso",
    "supports_plural_zero" => false,
     "supports_plural_one" => true,
     "supports_plural_two" => false,
     "supports_plural_few" => false,
    "supports_plural_many" => false,
              "created_at" => "__REMOVED__",
              "updated_at" => "__REMOVED__"
  },
  [134] {
                      "id" => "__REMOVED__",
                    "code" => "ny",
    "supports_plural_zero" => false,
     "supports_plural_one" => true,
     "supports_plural_two" => false,
     "supports_plural_few" => false,
    "supports_plural_many" => false,
              "created_at" => "__REMOVED__",
              "updated_at" => "__REMOVED__"
  },
  [135] {
                      "id" => "__REMOVED__",
                    "code" => "nyn",
    "supports_plural_zero" => false,
     "supports_plural_one" => true,
     "supports_plural_two" => false,
     "supports_plural_few" => false,
    "supports_plural_many" => false,
              "created_at" => "__REMOVED__",
              "updated_at" => "__REMOVED__"
  },
  [136] {
                      "id" => "__REMOVED__",
                    "code" => "om",
    "supports_plural_zero" => false,
     "supports_plural_one" => true,
     "supports_plural_two" => false,
     "supports_plural_few" => false,
    "supports_plural_many" => false,
              "created_at" => "__REMOVED__",
              "updated_at" => "__REMOVED__"
  },
  [137] {
                      "id" => "__REMOVED__",
                    "code" => "or",
    "supports_plural_zero" => false,
     "supports_plural_one" => true,
     "supports_plural_two" => false,
     "supports_plural_few" => false,
    "supports_plural_many" => false,
              "created_at" => "__REMOVED__",
              "updated_at" => "__REMOVED__"
  },
  [138] {
                      "id" => "__REMOVED__",
                    "code" => "os",
    "supports_plural_zero" => false,
     "supports_plural_one" => true,
     "supports_plural_two" => false,
     "supports_plural_few" => false,
    "supports_plural_many" => false,
              "created_at" => "__REMOVED__",
              "updated_at" => "__REMOVED__"
  },
  [139] {
                      "id" => "__REMOVED__",
                    "code" => "osa",
    "supports_plural_zero" => false,
     "supports_plural_one" => false,
     "supports_plural_two" => false,
     "supports_plural_few" => false,
    "supports_plural_many" => false,
              "created_at" => "__REMOVED__",
              "updated_at" => "__REMOVED__"
  },
  [140] {
                      "id" => "__REMOVED__",
                    "code" => "pa",
    "supports_plural_zero" => false,
     "supports_plural_one" => true,
     "supports_plural_two" => false,
     "supports_plural_few" => false,
    "supports_plural_many" => false,
              "created_at" => "__REMOVED__",
              "updated_at" => "__REMOVED__"
  },
  [141] {
                      "id" => "__REMOVED__",
                    "code" => "pap",
    "supports_plural_zero" => false,
     "supports_plural_one" => true,
     "supports_plural_two" => false,
     "supports_plural_few" => false,
    "supports_plural_many" => false,
              "created_at" => "__REMOVED__",
              "updated_at" => "__REMOVED__"
  },
  [142] {
                      "id" => "__REMOVED__",
                    "code" => "pcm",
    "supports_plural_zero" => false,
     "supports_plural_one" => true,
     "supports_plural_two" => false,
     "supports_plural_few" => false,
    "supports_plural_many" => false,
              "created_at" => "__REMOVED__",
              "updated_at" => "__REMOVED__"
  },
  [143] {
                      "id" => "__REMOVED__",
                    "code" => "pl",
    "supports_plural_zero" => false,
     "supports_plural_one" => true,
     "supports_plural_two" => false,
     "supports_plural_few" => true,
    "supports_plural_many" => true,
              "created_at" => "__REMOVED__",
              "updated_at" => "__REMOVED__"
  },
  [144] {
                      "id" => "__REMOVED__",
                    "code" => "prg",
    "supports_plural_zero" => true,
     "supports_plural_one" => true,
     "supports_plural_two" => false,
     "supports_plural_few" => false,
    "supports_plural_many" => false,
              "created_at" => "__REMOVED__",
              "updated_at" => "__REMOVED__"
  },
  [145] {
                      "id" => "__REMOVED__",
                    "code" => "ps",
    "supports_plural_zero" => false,
     "supports_plural_one" => true,
     "supports_plural_two" => false,
     "supports_plural_few" => false,
    "supports_plural_many" => false,
              "created_at" => "__REMOVED__",
              "updated_at" => "__REMOVED__"
  },
  [146] {
                      "id" => "__REMOVED__",
                    "code" => "pt",
    "supports_plural_zero" => false,
     "supports_plural_one" => true,
     "supports_plural_two" => false,
     "supports_plural_few" => false,
    "supports_plural_many" => true,
              "created_at" => "__REMOVED__",
              "updated_at" => "__REMOVED__"
  },
  [147] {
                      "id" => "__REMOVED__",
                    "code" => "pt_PT",
    "supports_plural_zero" => false,
     "supports_plural_one" => true,
     "supports_plural_two" => false,
     "supports_plural_few" => false,
    "supports_plural_many" => true,
              "created_at" => "__REMOVED__",
              "updated_at" => "__REMOVED__"
  },
  [148] {
                      "id" => "__REMOVED__",
                    "code" => "rm",
    "supports_plural_zero" => false,
     "supports_plural_one" => true,
     "supports_plural_two" => false,
     "supports_plural_few" => false,
    "supports_plural_many" => false,
              "created_at" => "__REMOVED__",
              "updated_at" => "__REMOVED__"
  },
  [149] {
                      "id" => "__REMOVED__",
                    "code" => "ro",
    "supports_plural_zero" => false,
     "supports_plural_one" => true,
     "supports_plural_two" => false,
     "supports_plural_few" => true,
    "supports_plural_many" => false,
              "created_at" => "__REMOVED__",
              "updated_at" => "__REMOVED__"
  },
  [150] {
                      "id" => "__REMOVED__",
                    "code" => "rof",
    "supports_plural_zero" => false,
     "supports_plural_one" => true,
     "supports_plural_two" => false,
     "supports_plural_few" => false,
    "supports_plural_many" => false,
              "created_at" => "__REMOVED__",
              "updated_at" => "__REMOVED__"
  },
  [151] {
                      "id" => "__REMOVED__",
                    "code" => "root",
    "supports_plural_zero" => false,
     "supports_plural_one" => false,
     "supports_plural_two" => false,
     "supports_plural_few" => false,
    "supports_plural_many" => false,
              "created_at" => "__REMOVED__",
              "updated_at" => "__REMOVED__"
  },
  [152] {
                      "id" => "__REMOVED__",
                    "code" => "ru",
    "supports_plural_zero" => false,
     "supports_plural_one" => true,
     "supports_plural_two" => false,
     "supports_plural_few" => true,
    "supports_plural_many" => true,
              "created_at" => "__REMOVED__",
              "updated_at" => "__REMOVED__"
  },
  [153] {
                      "id" => "__REMOVED__",
                    "code" => "rwk",
    "supports_plural_zero" => false,
     "supports_plural_one" => true,
     "supports_plural_two" => false,
     "supports_plural_few" => false,
    "supports_plural_many" => false,
              "created_at" => "__REMOVED__",
              "updated_at" => "__REMOVED__"
  },
  [154] {
                      "id" => "__REMOVED__",
                    "code" => "sah",
    "supports_plural_zero" => false,
     "supports_plural_one" => false,
     "supports_plural_two" => false,
     "supports_plural_few" => false,
    "supports_plural_many" => false,
              "created_at" => "__REMOVED__",
              "updated_at" => "__REMOVED__"
  },
  [155] {
                      "id" => "__REMOVED__",
                    "code" => "saq",
    "supports_plural_zero" => false,
     "supports_plural_one" => true,
     "supports_plural_two" => false,
     "supports_plural_few" => false,
    "supports_plural_many" => false,
              "created_at" => "__REMOVED__",
              "updated_at" => "__REMOVED__"
  },
  [156] {
                      "id" => "__REMOVED__",
                    "code" => "sat",
    "supports_plural_zero" => false,
     "supports_plural_one" => true,
     "supports_plural_two" => true,
     "supports_plural_few" => false,
    "supports_plural_many" => false,
              "created_at" => "__REMOVED__",
              "updated_at" => "__REMOVED__"
  },
  [157] {
                      "id" => "__REMOVED__",
                    "code" => "sc",
    "supports_plural_zero" => false,
     "supports_plural_one" => true,
     "supports_plural_two" => false,
     "supports_plural_few" => false,
    "supports_plural_many" => false,
              "created_at" => "__REMOVED__",
              "updated_at" => "__REMOVED__"
  },
  [158] {
                      "id" => "__REMOVED__",
                    "code" => "scn",
    "supports_plural_zero" => false,
     "supports_plural_one" => true,
     "supports_plural_two" => false,
     "supports_plural_few" => false,
    "supports_plural_many" => false,
              "created_at" => "__REMOVED__",
              "updated_at" => "__REMOVED__"
  },
  [159] {
                      "id" => "__REMOVED__",
                    "code" => "sd",
    "supports_plural_zero" => false,
     "supports_plural_one" => true,
     "supports_plural_two" => false,
     "supports_plural_few" => false,
    "supports_plural_many" => false,
              "created_at" => "__REMOVED__",
              "updated_at" => "__REMOVED__"
  },
  [160] {
                      "id" => "__REMOVED__",
                    "code" => "sdh",
    "supports_plural_zero" => false,
     "supports_plural_one" => true,
     "supports_plural_two" => false,
     "supports_plural_few" => false,
    "supports_plural_many" => false,
              "created_at" => "__REMOVED__",
              "updated_at" => "__REMOVED__"
  },
  [161] {
                      "id" => "__REMOVED__",
                    "code" => "se",
    "supports_plural_zero" => false,
     "supports_plural_one" => true,
     "supports_plural_two" => true,
     "supports_plural_few" => false,
    "supports_plural_many" => false,
              "created_at" => "__REMOVED__",
              "updated_at" => "__REMOVED__"
  },
  [162] {
                      "id" => "__REMOVED__",
                    "code" => "seh",
    "supports_plural_zero" => false,
     "supports_plural_one" => true,
     "supports_plural_two" => false,
     "supports_plural_few" => false,
    "supports_plural_many" => false,
              "created_at" => "__REMOVED__",
              "updated_at" => "__REMOVED__"
  },
  [163] {
                      "id" => "__REMOVED__",
                    "code" => "ses",
    "supports_plural_zero" => false,
     "supports_plural_one" => false,
     "supports_plural_two" => false,
     "supports_plural_few" => false,
    "supports_plural_many" => false,
              "created_at" => "__REMOVED__",
              "updated_at" => "__REMOVED__"
  },
  [164] {
                      "id" => "__REMOVED__",
                    "code" => "sg",
    "supports_plural_zero" => false,
     "supports_plural_one" => false,
     "supports_plural_two" => false,
     "supports_plural_few" => false,
    "supports_plural_many" => false,
              "created_at" => "__REMOVED__",
              "updated_at" => "__REMOVED__"
  },
  [165] {
                      "id" => "__REMOVED__",
                    "code" => "sh",
    "supports_plural_zero" => false,
     "supports_plural_one" => true,
     "supports_plural_two" => false,
     "supports_plural_few" => true,
    "supports_plural_many" => false,
              "created_at" => "__REMOVED__",
              "updated_at" => "__REMOVED__"
  },
  [166] {
                      "id" => "__REMOVED__",
                    "code" => "shi",
    "supports_plural_zero" => false,
     "supports_plural_one" => true,
     "supports_plural_two" => false,
     "supports_plural_few" => true,
    "supports_plural_many" => false,
              "created_at" => "__REMOVED__",
              "updated_at" => "__REMOVED__"
  },
  [167] {
                      "id" => "__REMOVED__",
                    "code" => "si",
    "supports_plural_zero" => false,
     "supports_plural_one" => true,
     "supports_plural_two" => false,
     "supports_plural_few" => false,
    "supports_plural_many" => false,
              "created_at" => "__REMOVED__",
              "updated_at" => "__REMOVED__"
  },
  [168] {
                      "id" => "__REMOVED__",
                    "code" => "sk",
    "supports_plural_zero" => false,
     "supports_plural_one" => true,
     "supports_plural_two" => false,
     "supports_plural_few" => true,
    "supports_plural_many" => true,
              "created_at" => "__REMOVED__",
              "updated_at" => "__REMOVED__"
  },
  [169] {
                      "id" => "__REMOVED__",
                    "code" => "sl",
    "supports_plural_zero" => false,
     "supports_plural_one" => true,
     "supports_plural_two" => true,
     "supports_plural_few" => true,
    "supports_plural_many" => false,
              "created_at" => "__REMOVED__",
              "updated_at" => "__REMOVED__"
  },
  [170] {
                      "id" => "__REMOVED__",
                    "code" => "sma",
    "supports_plural_zero" => false,
     "supports_plural_one" => true,
     "supports_plural_two" => true,
     "supports_plural_few" => false,
    "supports_plural_many" => false,
              "created_at" => "__REMOVED__",
              "updated_at" => "__REMOVED__"
  },
  [171] {
                      "id" => "__REMOVED__",
                    "code" => "smi",
    "supports_plural_zero" => false,
     "supports_plural_one" => true,
     "supports_plural_two" => true,
     "supports_plural_few" => false,
    "supports_plural_many" => false,
              "created_at" => "__REMOVED__",
              "updated_at" => "__REMOVED__"
  },
  [172] {
                      "id" => "__REMOVED__",
                    "code" => "smj",
    "supports_plural_zero" => false,
     "supports_plural_one" => true,
     "supports_plural_two" => true,
     "supports_plural_few" => false,
    "supports_plural_many" => false,
              "created_at" => "__REMOVED__",
              "updated_at" => "__REMOVED__"
  },
  [173] {
                      "id" => "__REMOVED__",
                    "code" => "smn",
    "supports_plural_zero" => false,
     "supports_plural_one" => true,
     "supports_plural_two" => true,
     "supports_plural_few" => false,
    "supports_plural_many" => false,
              "created_at" => "__REMOVED__",
              "updated_at" => "__REMOVED__"
  },
  [174] {
                      "id" => "__REMOVED__",
                    "code" => "sms",
    "supports_plural_zero" => false,
     "supports_plural_one" => true,
     "supports_plural_two" => true,
     "supports_plural_few" => false,
    "supports_plural_many" => false,
              "created_at" => "__REMOVED__",
              "updated_at" => "__REMOVED__"
  },
  [175] {
                      "id" => "__REMOVED__",
                    "code" => "sn",
    "supports_plural_zero" => false,
     "supports_plural_one" => true,
     "supports_plural_two" => false,
     "supports_plural_few" => false,
    "supports_plural_many" => false,
              "created_at" => "__REMOVED__",
              "updated_at" => "__REMOVED__"
  },
  [176] {
                      "id" => "__REMOVED__",
                    "code" => "so",
    "supports_plural_zero" => false,
     "supports_plural_one" => true,
     "supports_plural_two" => false,
     "supports_plural_few" => false,
    "supports_plural_many" => false,
              "created_at" => "__REMOVED__",
              "updated_at" => "__REMOVED__"
  },
  [177] {
                      "id" => "__REMOVED__",
                    "code" => "sq",
    "supports_plural_zero" => false,
     "supports_plural_one" => true,
     "supports_plural_two" => false,
     "supports_plural_few" => false,
    "supports_plural_many" => false,
              "created_at" => "__REMOVED__",
              "updated_at" => "__REMOVED__"
  },
  [178] {
                      "id" => "__REMOVED__",
                    "code" => "sr",
    "supports_plural_zero" => false,
     "supports_plural_one" => true,
     "supports_plural_two" => false,
     "supports_plural_few" => true,
    "supports_plural_many" => false,
              "created_at" => "__REMOVED__",
              "updated_at" => "__REMOVED__"
  },
  [179] {
                      "id" => "__REMOVED__",
                    "code" => "ss",
    "supports_plural_zero" => false,
     "supports_plural_one" => true,
     "supports_plural_two" => false,
     "supports_plural_few" => false,
    "supports_plural_many" => false,
              "created_at" => "__REMOVED__",
              "updated_at" => "__REMOVED__"
  },
  [180] {
                      "id" => "__REMOVED__",
                    "code" => "ssy",
    "supports_plural_zero" => false,
     "supports_plural_one" => true,
     "supports_plural_two" => false,
     "supports_plural_few" => false,
    "supports_plural_many" => false,
              "created_at" => "__REMOVED__",
              "updated_at" => "__REMOVED__"
  },
  [181] {
                      "id" => "__REMOVED__",
                    "code" => "st",
    "supports_plural_zero" => false,
     "supports_plural_one" => true,
     "supports_plural_two" => false,
     "supports_plural_few" => false,
    "supports_plural_many" => false,
              "created_at" => "__REMOVED__",
              "updated_at" => "__REMOVED__"
  },
  [182] {
                      "id" => "__REMOVED__",
                    "code" => "su",
    "supports_plural_zero" => false,
     "supports_plural_one" => false,
     "supports_plural_two" => false,
     "supports_plural_few" => false,
    "supports_plural_many" => false,
              "created_at" => "__REMOVED__",
              "updated_at" => "__REMOVED__"
  },
  [183] {
                      "id" => "__REMOVED__",
                    "code" => "sv",
    "supports_plural_zero" => false,
     "supports_plural_one" => true,
     "supports_plural_two" => false,
     "supports_plural_few" => false,
    "supports_plural_many" => false,
              "created_at" => "__REMOVED__",
              "updated_at" => "__REMOVED__"
  },
  [184] {
                      "id" => "__REMOVED__",
                    "code" => "sw",
    "supports_plural_zero" => false,
     "supports_plural_one" => true,
     "supports_plural_two" => false,
     "supports_plural_few" => false,
    "supports_plural_many" => false,
              "created_at" => "__REMOVED__",
              "updated_at" => "__REMOVED__"
  },
  [185] {
                      "id" => "__REMOVED__",
                    "code" => "syr",
    "supports_plural_zero" => false,
     "supports_plural_one" => true,
     "supports_plural_two" => false,
     "supports_plural_few" => false,
    "supports_plural_many" => false,
              "created_at" => "__REMOVED__",
              "updated_at" => "__REMOVED__"
  },
  [186] {
                      "id" => "__REMOVED__",
                    "code" => "ta",
    "supports_plural_zero" => false,
     "supports_plural_one" => true,
     "supports_plural_two" => false,
     "supports_plural_few" => false,
    "supports_plural_many" => false,
              "created_at" => "__REMOVED__",
              "updated_at" => "__REMOVED__"
  },
  [187] {
                      "id" => "__REMOVED__",
                    "code" => "te",
    "supports_plural_zero" => false,
     "supports_plural_one" => true,
     "supports_plural_two" => false,
     "supports_plural_few" => false,
    "supports_plural_many" => false,
              "created_at" => "__REMOVED__",
              "updated_at" => "__REMOVED__"
  },
  [188] {
                      "id" => "__REMOVED__",
                    "code" => "teo",
    "supports_plural_zero" => false,
     "supports_plural_one" => true,
     "supports_plural_two" => false,
     "supports_plural_few" => false,
    "supports_plural_many" => false,
              "created_at" => "__REMOVED__",
              "updated_at" => "__REMOVED__"
  },
  [189] {
                      "id" => "__REMOVED__",
                    "code" => "th",
    "supports_plural_zero" => false,
     "supports_plural_one" => false,
     "supports_plural_two" => false,
     "supports_plural_few" => false,
    "supports_plural_many" => false,
              "created_at" => "__REMOVED__",
              "updated_at" => "__REMOVED__"
  },
  [190] {
                      "id" => "__REMOVED__",
                    "code" => "ti",
    "supports_plural_zero" => false,
     "supports_plural_one" => true,
     "supports_plural_two" => false,
     "supports_plural_few" => false,
    "supports_plural_many" => false,
              "created_at" => "__REMOVED__",
              "updated_at" => "__REMOVED__"
  },
  [191] {
                      "id" => "__REMOVED__",
                    "code" => "tig",
    "supports_plural_zero" => false,
     "supports_plural_one" => true,
     "supports_plural_two" => false,
     "supports_plural_few" => false,
    "supports_plural_many" => false,
              "created_at" => "__REMOVED__",
              "updated_at" => "__REMOVED__"
  },
  [192] {
                      "id" => "__REMOVED__",
                    "code" => "tk",
    "supports_plural_zero" => false,
     "supports_plural_one" => true,
     "supports_plural_two" => false,
     "supports_plural_few" => false,
    "supports_plural_many" => false,
              "created_at" => "__REMOVED__",
              "updated_at" => "__REMOVED__"
  },
  [193] {
                      "id" => "__REMOVED__",
                    "code" => "tl",
    "supports_plural_zero" => false,
     "supports_plural_one" => true,
     "supports_plural_two" => false,
     "supports_plural_few" => false,
    "supports_plural_many" => false,
              "created_at" => "__REMOVED__",
              "updated_at" => "__REMOVED__"
  },
  [194] {
                      "id" => "__REMOVED__",
                    "code" => "tn",
    "supports_plural_zero" => false,
     "supports_plural_one" => true,
     "supports_plural_two" => false,
     "supports_plural_few" => false,
    "supports_plural_many" => false,
              "created_at" => "__REMOVED__",
              "updated_at" => "__REMOVED__"
  },
  [195] {
                      "id" => "__REMOVED__",
                    "code" => "to",
    "supports_plural_zero" => false,
     "supports_plural_one" => false,
     "supports_plural_two" => false,
     "supports_plural_few" => false,
    "supports_plural_many" => false,
              "created_at" => "__REMOVED__",
              "updated_at" => "__REMOVED__"
  },
  [196] {
                      "id" => "__REMOVED__",
                    "code" => "tpi",
    "supports_plural_zero" => false,
     "supports_plural_one" => false,
     "supports_plural_two" => false,
     "supports_plural_few" => false,
    "supports_plural_many" => false,
              "created_at" => "__REMOVED__",
              "updated_at" => "__REMOVED__"
  },
  [197] {
                      "id" => "__REMOVED__",
                    "code" => "tr",
    "supports_plural_zero" => false,
     "supports_plural_one" => true,
     "supports_plural_two" => false,
     "supports_plural_few" => false,
    "supports_plural_many" => false,
              "created_at" => "__REMOVED__",
              "updated_at" => "__REMOVED__"
  },
  [198] {
                      "id" => "__REMOVED__",
                    "code" => "ts",
    "supports_plural_zero" => false,
     "supports_plural_one" => true,
     "supports_plural_two" => false,
     "supports_plural_few" => false,
    "supports_plural_many" => false,
              "created_at" => "__REMOVED__",
              "updated_at" => "__REMOVED__"
  },
  [199] {
                      "id" => "__REMOVED__",
                    "code" => "tzm",
    "supports_plural_zero" => false,
     "supports_plural_one" => true,
     "supports_plural_two" => false,
     "supports_plural_few" => false,
    "supports_plural_many" => false,
              "created_at" => "__REMOVED__",
              "updated_at" => "__REMOVED__"
  },
  [200] {
                      "id" => "__REMOVED__",
                    "code" => "ug",
    "supports_plural_zero" => false,
     "supports_plural_one" => true,
     "supports_plural_two" => false,
     "supports_plural_few" => false,
    "supports_plural_many" => false,
              "created_at" => "__REMOVED__",
              "updated_at" => "__REMOVED__"
  },
  [201] {
                      "id" => "__REMOVED__",
                    "code" => "uk",
    "supports_plural_zero" => false,
     "supports_plural_one" => true,
     "supports_plural_two" => false,
     "supports_plural_few" => true,
    "supports_plural_many" => true,
              "created_at" => "__REMOVED__",
              "updated_at" => "__REMOVED__"
  },
  [202] {
                      "id" => "__REMOVED__",
                    "code" => "ur",
    "supports_plural_zero" => false,
     "supports_plural_one" => true,
     "supports_plural_two" => false,
     "supports_plural_few" => false,
    "supports_plural_many" => false,
              "created_at" => "__REMOVED__",
              "updated_at" => "__REMOVED__"
  },
  [203] {
                      "id" => "__REMOVED__",
                    "code" => "uz",
    "supports_plural_zero" => false,
     "supports_plural_one" => true,
     "supports_plural_two" => false,
     "supports_plural_few" => false,
    "supports_plural_many" => false,
              "created_at" => "__REMOVED__",
              "updated_at" => "__REMOVED__"
  },
  [204] {
                      "id" => "__REMOVED__",
                    "code" => "ve",
    "supports_plural_zero" => false,
     "supports_plural_one" => true,
     "supports_plural_two" => false,
     "supports_plural_few" => false,
    "supports_plural_many" => false,
              "created_at" => "__REMOVED__",
              "updated_at" => "__REMOVED__"
  },
  [205] {
                      "id" => "__REMOVED__",
                    "code" => "vi",
    "supports_plural_zero" => false,
     "supports_plural_one" => false,
     "supports_plural_two" => false,
     "supports_plural_few" => false,
    "supports_plural_many" => false,
              "created_at" => "__REMOVED__",
              "updated_at" => "__REMOVED__"
  },
  [206] {
                      "id" => "__REMOVED__",
                    "code" => "vo",
    "supports_plural_zero" => false,
     "supports_plural_one" => true,
     "supports_plural_two" => false,
     "supports_plural_few" => false,
    "supports_plural_many" => false,
              "created_at" => "__REMOVED__",
              "updated_at" => "__REMOVED__"
  },
  [207] {
                      "id" => "__REMOVED__",
                    "code" => "vun",
    "supports_plural_zero" => false,
     "supports_plural_one" => true,
     "supports_plural_two" => false,
     "supports_plural_few" => false,
    "supports_plural_many" => false,
              "created_at" => "__REMOVED__",
              "updated_at" => "__REMOVED__"
  },
  [208] {
                      "id" => "__REMOVED__",
                    "code" => "wa",
    "supports_plural_zero" => false,
     "supports_plural_one" => true,
     "supports_plural_two" => false,
     "supports_plural_few" => false,
    "supports_plural_many" => false,
              "created_at" => "__REMOVED__",
              "updated_at" => "__REMOVED__"
  },
  [209] {
                      "id" => "__REMOVED__",
                    "code" => "wae",
    "supports_plural_zero" => false,
     "supports_plural_one" => true,
     "supports_plural_two" => false,
     "supports_plural_few" => false,
    "supports_plural_many" => false,
              "created_at" => "__REMOVED__",
              "updated_at" => "__REMOVED__"
  },
  [210] {
                      "id" => "__REMOVED__",
                    "code" => "wo",
    "supports_plural_zero" => false,
     "supports_plural_one" => false,
     "supports_plural_two" => false,
     "supports_plural_few" => false,
    "supports_plural_many" => false,
              "created_at" => "__REMOVED__",
              "updated_at" => "__REMOVED__"
  },
  [211] {
                      "id" => "__REMOVED__",
                    "code" => "xh",
    "supports_plural_zero" => false,
     "supports_plural_one" => true,
     "supports_plural_two" => false,
     "supports_plural_few" => false,
    "supports_plural_many" => false,
              "created_at" => "__REMOVED__",
              "updated_at" => "__REMOVED__"
  },
  [212] {
                      "id" => "__REMOVED__",
                    "code" => "xog",
    "supports_plural_zero" => false,
     "supports_plural_one" => true,
     "supports_plural_two" => false,
     "supports_plural_few" => false,
    "supports_plural_many" => false,
              "created_at" => "__REMOVED__",
              "updated_at" => "__REMOVED__"
  },
  [213] {
                      "id" => "__REMOVED__",
                    "code" => "yi",
    "supports_plural_zero" => false,
     "supports_plural_one" => true,
     "supports_plural_two" => false,
     "supports_plural_few" => false,
    "supports_plural_many" => false,
              "created_at" => "__REMOVED__",
              "updated_at" => "__REMOVED__"
  },
  [214] {
                      "id" => "__REMOVED__",
                    "code" => "yo",
    "supports_plural_zero" => false,
     "supports_plural_one" => false,
     "supports_plural_two" => false,
     "supports_plural_few" => false,
    "supports_plural_many" => false,
              "created_at" => "__REMOVED__",
              "updated_at" => "__REMOVED__"
  },
  [215] {
                      "id" => "__REMOVED__",
                    "code" => "yue",
    "supports_plural_zero" => false,
     "supports_plural_one" => false,
     "supports_plural_two" => false,
     "supports_plural_few" => false,
    "supports_plural_many" => false,
              "created_at" => "__REMOVED__",
              "updated_at" => "__REMOVED__"
  },
  [216] {
                      "id" => "__REMOVED__",
                    "code" => "zh",
    "supports_plural_zero" => false,
     "supports_plural_one" => false,
     "supports_plural_two" => false,
     "supports_plural_few" => false,
    "supports_plural_many" => false,
              "created_at" => "__REMOVED__",
              "updated_at" => "__REMOVED__"
  },
  [217] {
                      "id" => "__REMOVED__",
                    "code" => "zu",
    "supports_plural_zero" => false,
     "supports_plural_one" => true,
     "supports_plural_two" => false,
     "supports_plural_few" => false,
    "supports_plural_many" => false,
              "created_at" => "__REMOVED__",
              "updated_at" => "__REMOVED__"
  }
]