{
      "data" => [
    [0] {
                 "id" => "__REMOVED__",
               "type" => "export_config",
         "attributes" => {
                                            "id" => "__REMOVED__",
                                          "name" => "Test Export Config 1",
                                   "file_format" => {
                                              "id" => "__REMOVED__",
                                          "format" => "json",
                                      "created_at" => "__REMOVED__",
                                      "updated_at" => "__REMOVED__",
                                  "import_support" => true,
                                  "export_support" => true,
                                  "plural_support" => true,
          "skip_empty_plural_translations_support" => true,
                                            "name" => "JSON"
        },
                                     "flavor_id" => nil,
                                     "file_path" => "path",
                         "file_path_stringsdict" => nil,
                    "default_language_file_path" => nil,
        "default_language_file_path_stringsdict" => nil,
                                      "split_on" => nil,
                "skip_empty_plural_translations" => false
      },
      "relationships" => {
        "language_configs" => {
          "data" => []
        },
                  "flavor" => {
          "data" => nil
        }
      }
    },
    [1] {
                 "id" => "__REMOVED__",
               "type" => "export_config",
         "attributes" => {
                                            "id" => "__REMOVED__",
                                          "name" => "Test Export Config 2",
                                   "file_format" => {
                                              "id" => "__REMOVED__",
                                          "format" => "json",
                                      "created_at" => "__REMOVED__",
                                      "updated_at" => "__REMOVED__",
                                  "import_support" => true,
                                  "export_support" => true,
                                  "plural_support" => true,
          "skip_empty_plural_translations_support" => true,
                                            "name" => "JSON"
        },
                                     "flavor_id" => nil,
                                     "file_path" => "path",
                         "file_path_stringsdict" => nil,
                    "default_language_file_path" => nil,
        "default_language_file_path_stringsdict" => nil,
                                      "split_on" => nil,
                "skip_empty_plural_translations" => false
      },
      "relationships" => {
        "language_configs" => {
          "data" => []
        },
                  "flavor" => {
          "data" => nil
        }
      }
    }
  ],
  "included" => [],
      "meta" => {
    "total" => 3
  }
}