{
  "data" => [
    [ 0] {
              "id" => "__REMOVED__",
            "type" => "file_format",
      "attributes" => {
                                            "id" => "__REMOVED__",
                                        "format" => "android",
                                "import_support" => false,
                                "export_support" => true,
                                "plural_support" => true,
        "skip_empty_plural_translations_support" => true
      }
    },
    [ 1] {
              "id" => "__REMOVED__",
            "type" => "file_format",
      "attributes" => {
                                            "id" => "__REMOVED__",
                                        "format" => "arb",
                                "import_support" => true,
                                "export_support" => true,
                                "plural_support" => false,
        "skip_empty_plural_translations_support" => false
      }
    },
    [ 2] {
              "id" => "__REMOVED__",
            "type" => "file_format",
      "attributes" => {
                                            "id" => "__REMOVED__",
                                        "format" => "ios",
                                "import_support" => true,
                                "export_support" => true,
                                "plural_support" => true,
        "skip_empty_plural_translations_support" => false
      }
    },
    [ 3] {
              "id" => "__REMOVED__",
            "type" => "file_format",
      "attributes" => {
                                            "id" => "__REMOVED__",
                                        "format" => "properties",
                                "import_support" => true,
                                "export_support" => true,
                                "plural_support" => true,
        "skip_empty_plural_translations_support" => false
      }
    },
    [ 4] {
              "id" => "__REMOVED__",
            "type" => "file_format",
      "attributes" => {
                                            "id" => "__REMOVED__",
                                        "format" => "json",
                                "import_support" => true,
                                "export_support" => true,
                                "plural_support" => true,
        "skip_empty_plural_translations_support" => true
      }
    },
    [ 5] {
              "id" => "__REMOVED__",
            "type" => "file_format",
      "attributes" => {
                                            "id" => "__REMOVED__",
                                        "format" => "json-formatjs",
                                "import_support" => true,
                                "export_support" => true,
                                "plural_support" => true,
        "skip_empty_plural_translations_support" => true
      }
    },
    [ 6] {
              "id" => "__REMOVED__",
            "type" => "file_format",
      "attributes" => {
                                            "id" => "__REMOVED__",
                                        "format" => "json-poeditor",
                                "import_support" => true,
                                "export_support" => true,
                                "plural_support" => true,
        "skip_empty_plural_translations_support" => true
      }
    },
    [ 7] {
              "id" => "__REMOVED__",
            "type" => "file_format",
      "attributes" => {
                                            "id" => "__REMOVED__",
                                        "format" => "po",
                                "import_support" => true,
                                "export_support" => true,
                                "plural_support" => false,
        "skip_empty_plural_translations_support" => false
      }
    },
    [ 8] {
              "id" => "__REMOVED__",
            "type" => "file_format",
      "attributes" => {
                                            "id" => "__REMOVED__",
                                        "format" => "rails",
                                "import_support" => true,
                                "export_support" => true,
                                "plural_support" => true,
        "skip_empty_plural_translations_support" => true
      }
    },
    [ 9] {
              "id" => "__REMOVED__",
            "type" => "file_format",
      "attributes" => {
                                            "id" => "__REMOVED__",
                                        "format" => "toml",
                                "import_support" => true,
                                "export_support" => true,
                                "plural_support" => true,
        "skip_empty_plural_translations_support" => false
      }
    },
    [10] {
              "id" => "__REMOVED__",
            "type" => "file_format",
      "attributes" => {
                                            "id" => "__REMOVED__",
                                        "format" => "typescript",
                                "import_support" => false,
                                "export_support" => true,
                                "plural_support" => true,
        "skip_empty_plural_translations_support" => false
      }
    },
    [11] {
              "id" => "__REMOVED__",
            "type" => "file_format",
      "attributes" => {
                                            "id" => "__REMOVED__",
                                        "format" => "xliff",
                                "import_support" => true,
                                "export_support" => true,
                                "plural_support" => false,
        "skip_empty_plural_translations_support" => false
      }
    },
    [12] {
              "id" => "__REMOVED__",
            "type" => "file_format",
      "attributes" => {
                                            "id" => "__REMOVED__",
                                        "format" => "yaml",
                                "import_support" => true,
                                "export_support" => true,
                                "plural_support" => true,
        "skip_empty_plural_translations_support" => false
      }
    }
  ]
}