{
  "data" => {
               "id" => "__REMOVED__",
             "type" => "key",
       "attributes" => {
                         "id" => "__REMOVED__",
                 "project_id" => "__REMOVED__",
                       "name" => "German",
                "description" => nil,
               "html_enabled" => false,
              "name_editable" => true,
                 "created_at" => "__REMOVED__",
                 "updated_at" => "__REMOVED__",
      "pluralization_enabled" => false
    },
    "relationships" => {
            "translations" => {
        "data" => []
      },
                    "tags" => {
        "data" => []
      },
      "wordpress_contents" => {
        "data" => []
      },
            "placeholders" => {
        "data" => []
      }
    }
  }
}