{
  "data" => [
    [0] {
              "id" => "__REMOVED__",
            "type" => "tag",
      "attributes" => {
                "id" => "__REMOVED__",
              "name" => "tag_3",
            "custom" => false,
        "project_id" => "__REMOVED__"
      }
    }
  ],
  "meta" => {
    "total" => 3
  }
}